// Jest Snapshot v1, https://goo.gl/fbAQLP

exports[`<TodoList /> render matches snapshot 1`] = `
<Provider
  store={
    Object {
      "clearActions": [Function],
      "dispatch": [Function],
      "getActions": [Function],
      "getState": [Function],
      "replaceReducer": [Function],
      "subscribe": [Function],
    }
  }
>
  <Connect(TodoList)>
    <TodoList
      dispatch={[Function]}
      items={Array []}
    >
      <div>
        <form
          onSubmit={[Function]}
        >
          <input
            name="name"
            onChange={[Function]}
            placeholder="Add Item"
            required={true}
            value=""
          />
          <hr />
          <ul />
        </form>
      </div>
    </TodoList>
  </Connect(TodoList)>
</Provider>
`;
